[2026-05-22T21:03:58.595Z] POST /rent/6a10b724e1ddd27e1155796e/approve?pgId=
Status: 404
Error: Rent record not found
Stack: Error: Rent record not found
    at Object.approvePayment (C:\Users\AM-LP-64\Documents\SAGAR\PG-Management\PG-backend\src\services\rent.service.js:253:20)
    at process.processTicksAndRejections (node:internal/process/task_queues:104:5)
    at async C:\Users\AM-LP-64\Documents\SAGAR\PG-Management\PG-backend\src\controllers\rent.controller.js:90:16

[2026-05-22T21:07:36.404Z] POST /rent/6a10b724e1ddd27e1155796e/approve?pgId=
Status: 404
Error: Rent record not found
Stack: Error: Rent record not found
    at Object.approvePayment (C:\Users\AM-LP-64\Documents\SAGAR\PG-Management\PG-backend\src\services\rent.service.js:253:20)
    at process.processTicksAndRejections (node:internal/process/task_queues:104:5)
    at async C:\Users\AM-LP-64\Documents\SAGAR\PG-Management\PG-backend\src\controllers\rent.controller.js:90:16

[2026-05-22T21:07:50.684Z] POST /rent/invalid-id/approve?pgId=
Status: 401
Error: please authenticate
Stack: Error: please authenticate
    at C:\Users\AM-LP-64\Documents\SAGAR\PG-Management\PG-backend\src\middlewares\auth.js:31:9
    at allFailed (C:\Users\AM-LP-64\Documents\SAGAR\PG-Management\PG-backend\node_modules\passport\lib\middleware\authenticate.js:110:18)
    at attempt (C:\Users\AM-LP-64\Documents\SAGAR\PG-Management\PG-backend\node_modules\passport\lib\middleware\authenticate.js:183:28)
    at strategy.fail (C:\Users\AM-LP-64\Documents\SAGAR\PG-Management\PG-backend\node_modules\passport\lib\middleware\authenticate.js:305:9)
    at verified (C:\Users\AM-LP-64\Documents\SAGAR\PG-Management\PG-backend\node_modules\passport-jwt\lib\strategy.js:113:41)
    at JwtStrategy.jwtVerify [as _verify] (C:\Users\AM-LP-64\Documents\SAGAR\PG-Management\PG-backend\src\config\passport.js:20:14)
    at process.processTicksAndRejections (node:internal/process/task_queues:104:5)

[2026-05-22T21:08:09.754Z] POST /rent/invalid-id/approve?pgId=
Status: 400
Error: Cast to ObjectId failed for value "invalid-id" (type string) at path "_id" for model "RentPayment"
Stack: CastError: Cast to ObjectId failed for value "invalid-id" (type string) at path "_id" for model "RentPayment"
    at SchemaObjectId.cast (C:\Users\AM-LP-64\Documents\SAGAR\PG-Management\PG-backend\node_modules\mongoose\lib\schema\objectId.js:250:11)
    at SchemaType.applySetters (C:\Users\AM-LP-64\Documents\SAGAR\PG-Management\PG-backend\node_modules\mongoose\lib\schemaType.js:1221:12)
    at SchemaType.castForQuery (C:\Users\AM-LP-64\Documents\SAGAR\PG-Management\PG-backend\node_modules\mongoose\lib\schemaType.js:1636:17)
    at cast (C:\Users\AM-LP-64\Documents\SAGAR\PG-Management\PG-backend\node_modules\mongoose\lib\cast.js:375:32)
    at Query.cast (C:\Users\AM-LP-64\Documents\SAGAR\PG-Management\PG-backend\node_modules\mongoose\lib\query.js:4746:12)
    at Query._castConditions (C:\Users\AM-LP-64\Documents\SAGAR\PG-Management\PG-backend\node_modules\mongoose\lib\query.js:2200:10)
    at model.Query._findOne (C:\Users\AM-LP-64\Documents\SAGAR\PG-Management\PG-backend\node_modules\mongoose\lib\query.js:2484:8)
    at model.Query.exec (C:\Users\AM-LP-64\Documents\SAGAR\PG-Management\PG-backend\node_modules\mongoose\lib\query.js:4290:80)
    at process.processTicksAndRejections (node:internal/process/task_queues:104:5)
    at async Object.approvePayment (C:\Users\AM-LP-64\Documents\SAGAR\PG-Management\PG-backend\src\services\rent.service.js:252:16)

[2026-05-22T21:10:41.204Z] POST /rent/6a10b724e1ddd27e1155796e/approve?pgId=
Status: 404
Error: Rent record not found
Stack: Error: Rent record not found
    at Object.approvePayment (C:\Users\AM-LP-64\Documents\SAGAR\PG-Management\PG-backend\src\services\rent.service.js:253:20)
    at process.processTicksAndRejections (node:internal/process/task_queues:104:5)
    at async C:\Users\AM-LP-64\Documents\SAGAR\PG-Management\PG-backend\src\controllers\rent.controller.js:90:16

[2026-05-22T21:10:46.881Z] POST /rent/invalid-id/approve?pgId=
Status: 400
Error: Cast to ObjectId failed for value "invalid-id" (type string) at path "_id" for model "RentPayment"
Stack: CastError: Cast to ObjectId failed for value "invalid-id" (type string) at path "_id" for model "RentPayment"
    at SchemaObjectId.cast (C:\Users\AM-LP-64\Documents\SAGAR\PG-Management\PG-backend\node_modules\mongoose\lib\schema\objectId.js:250:11)
    at SchemaType.applySetters (C:\Users\AM-LP-64\Documents\SAGAR\PG-Management\PG-backend\node_modules\mongoose\lib\schemaType.js:1221:12)
    at SchemaType.castForQuery (C:\Users\AM-LP-64\Documents\SAGAR\PG-Management\PG-backend\node_modules\mongoose\lib\schemaType.js:1636:17)
    at cast (C:\Users\AM-LP-64\Documents\SAGAR\PG-Management\PG-backend\node_modules\mongoose\lib\cast.js:375:32)
    at Query.cast (C:\Users\AM-LP-64\Documents\SAGAR\PG-Management\PG-backend\node_modules\mongoose\lib\query.js:4746:12)
    at Query._castConditions (C:\Users\AM-LP-64\Documents\SAGAR\PG-Management\PG-backend\node_modules\mongoose\lib\query.js:2200:10)
    at model.Query._findOne (C:\Users\AM-LP-64\Documents\SAGAR\PG-Management\PG-backend\node_modules\mongoose\lib\query.js:2484:8)
    at model.Query.exec (C:\Users\AM-LP-64\Documents\SAGAR\PG-Management\PG-backend\node_modules\mongoose\lib\query.js:4290:80)
    at process.processTicksAndRejections (node:internal/process/task_queues:104:5)
    at async Object.approvePayment (C:\Users\AM-LP-64\Documents\SAGAR\PG-Management\PG-backend\src\services\rent.service.js:252:16)

[2026-05-22T21:24:23.495Z] POST /rent/6a10c955ee72a2bd3054c70d/approve?pgId=
Status: 400
Error: Unexpected token 'n', "null" is not valid JSON
Stack: SyntaxError: Unexpected token 'n', "null" is not valid JSON
    at JSON.parse (<anonymous>)
    at createStrictSyntaxError (C:\Users\AM-LP-64\Documents\SAGAR\PG-Management\PG-backend\node_modules\body-parser\lib\types\json.js:169:10)
    at parse (C:\Users\AM-LP-64\Documents\SAGAR\PG-Management\PG-backend\node_modules\body-parser\lib\types\json.js:86:15)
    at C:\Users\AM-LP-64\Documents\SAGAR\PG-Management\PG-backend\node_modules\body-parser\lib\read.js:128:18
    at AsyncResource.runInAsyncScope (node:async_hooks:227:14)
    at invokeCallback (C:\Users\AM-LP-64\Documents\SAGAR\PG-Management\PG-backend\node_modules\raw-body\index.js:238:16)
    at done (C:\Users\AM-LP-64\Documents\SAGAR\PG-Management\PG-backend\node_modules\raw-body\index.js:227:7)
    at IncomingMessage.onEnd (C:\Users\AM-LP-64\Documents\SAGAR\PG-Management\PG-backend\node_modules\raw-body\index.js:287:7)
    at IncomingMessage.emit (node:events:509:28)
    at endReadableNT (node:internal/streams/readable:1729:12)

[2026-05-22T21:36:24.321Z] POST /rent/6a10c955ee72a2bd3054c70d/approve?pgId=
Status: 400
Error: Unexpected token 'n', "null" is not valid JSON
Stack: SyntaxError: Unexpected token 'n', "null" is not valid JSON
    at JSON.parse (<anonymous>)
    at createStrictSyntaxError (C:\Users\AM-LP-64\Documents\SAGAR\PG-Management\PG-backend\node_modules\body-parser\lib\types\json.js:169:10)
    at parse (C:\Users\AM-LP-64\Documents\SAGAR\PG-Management\PG-backend\node_modules\body-parser\lib\types\json.js:86:15)
    at C:\Users\AM-LP-64\Documents\SAGAR\PG-Management\PG-backend\node_modules\body-parser\lib\read.js:128:18
    at AsyncResource.runInAsyncScope (node:async_hooks:227:14)
    at invokeCallback (C:\Users\AM-LP-64\Documents\SAGAR\PG-Management\PG-backend\node_modules\raw-body\index.js:238:16)
    at done (C:\Users\AM-LP-64\Documents\SAGAR\PG-Management\PG-backend\node_modules\raw-body\index.js:227:7)
    at IncomingMessage.onEnd (C:\Users\AM-LP-64\Documents\SAGAR\PG-Management\PG-backend\node_modules\raw-body\index.js:287:7)
    at IncomingMessage.emit (node:events:509:28)
    at endReadableNT (node:internal/streams/readable:1729:12)

[2026-05-22T21:36:30.391Z] POST /rent/6a10c955ee72a2bd3054c70d/approve?pgId=
Status: 400
Error: Unexpected token 'n', "null" is not valid JSON
Stack: SyntaxError: Unexpected token 'n', "null" is not valid JSON
    at JSON.parse (<anonymous>)
    at createStrictSyntaxError (C:\Users\AM-LP-64\Documents\SAGAR\PG-Management\PG-backend\node_modules\body-parser\lib\types\json.js:169:10)
    at parse (C:\Users\AM-LP-64\Documents\SAGAR\PG-Management\PG-backend\node_modules\body-parser\lib\types\json.js:86:15)
    at C:\Users\AM-LP-64\Documents\SAGAR\PG-Management\PG-backend\node_modules\body-parser\lib\read.js:128:18
    at AsyncResource.runInAsyncScope (node:async_hooks:227:14)
    at invokeCallback (C:\Users\AM-LP-64\Documents\SAGAR\PG-Management\PG-backend\node_modules\raw-body\index.js:238:16)
    at done (C:\Users\AM-LP-64\Documents\SAGAR\PG-Management\PG-backend\node_modules\raw-body\index.js:227:7)
    at IncomingMessage.onEnd (C:\Users\AM-LP-64\Documents\SAGAR\PG-Management\PG-backend\node_modules\raw-body\index.js:287:7)
    at IncomingMessage.emit (node:events:509:28)
    at endReadableNT (node:internal/streams/readable:1729:12)

[2026-05-22T21:42:01.882Z] POST /rent/invalid-id/approve?pgId=
Status: 404
Error: Rent record not found
Stack: Error: Rent record not found
    at validateAndGetCleanId (C:\Users\AM-LP-64\Documents\SAGAR\PG-Management\PG-backend\src\services\rent.service.js:14:11)
    at Object.approvePayment (C:\Users\AM-LP-64\Documents\SAGAR\PG-Management\PG-backend\src\services\rent.service.js:271:12)
    at C:\Users\AM-LP-64\Documents\SAGAR\PG-Management\PG-backend\src\controllers\rent.controller.js:90:34
    at C:\Users\AM-LP-64\Documents\SAGAR\PG-Management\PG-backend\src\utils\catchAsync.js:2:19
    at Layer.handle [as handle_request] (C:\Users\AM-LP-64\Documents\SAGAR\PG-Management\PG-backend\node_modules\express\lib\router\layer.js:95:5)
    at next (C:\Users\AM-LP-64\Documents\SAGAR\PG-Management\PG-backend\node_modules\express\lib\router\route.js:144:13)
    at C:\Users\AM-LP-64\Documents\SAGAR\PG-Management\PG-backend\src\middlewares\auth.js:18:9
    at process.processTicksAndRejections (node:internal/process/task_queues:104:5)

[2026-05-22T21:54:23.373Z] POST /rent/6a10b724e1ddd27e1155796e/approve?pgId=
Status: 404
Error: Rent record not found
Stack: Error: Rent record not found
    at Object.approvePayment (C:\Users\AM-LP-64\Documents\SAGAR\PG-Management\PG-backend\src\services\rent.service.js:279:20)
    at process.processTicksAndRejections (node:internal/process/task_queues:104:5)
    at async C:\Users\AM-LP-64\Documents\SAGAR\PG-Management\PG-backend\src\controllers\rent.controller.js:90:16

[2026-05-22T21:58:38.003Z] POST /rent/6a10b724e1ddd27e1155796e/approve?pgId=
Status: 404
Error: Rent record not found
Stack: Error: Rent record not found
    at Object.approvePayment (C:\Users\AM-LP-64\Documents\SAGAR\PG-Management\PG-backend\src\services\rent.service.js:279:20)
    at process.processTicksAndRejections (node:internal/process/task_queues:104:5)
    at async C:\Users\AM-LP-64\Documents\SAGAR\PG-Management\PG-backend\src\controllers\rent.controller.js:90:16

[2026-05-23T09:06:58.747Z] POST /rent
Status: 400
Error: Cast to ObjectId failed for value "" (type string) at path "_id" for model "Bed"
Stack: CastError: Cast to ObjectId failed for value "" (type string) at path "_id" for model "Bed"
    at SchemaObjectId.cast (C:\Users\AM-LP-64\Documents\SAGAR\PG-Management\PG-backend\node_modules\mongoose\lib\schema\objectId.js:250:11)
    at SchemaType.applySetters (C:\Users\AM-LP-64\Documents\SAGAR\PG-Management\PG-backend\node_modules\mongoose\lib\schemaType.js:1221:12)
    at SchemaType.castForQuery (C:\Users\AM-LP-64\Documents\SAGAR\PG-Management\PG-backend\node_modules\mongoose\lib\schemaType.js:1636:17)
    at cast (C:\Users\AM-LP-64\Documents\SAGAR\PG-Management\PG-backend\node_modules\mongoose\lib\cast.js:375:32)
    at Query.cast (C:\Users\AM-LP-64\Documents\SAGAR\PG-Management\PG-backend\node_modules\mongoose\lib\query.js:4746:12)
    at Query._castConditions (C:\Users\AM-LP-64\Documents\SAGAR\PG-Management\PG-backend\node_modules\mongoose\lib\query.js:2200:10)
    at model.Query._findOne (C:\Users\AM-LP-64\Documents\SAGAR\PG-Management\PG-backend\node_modules\mongoose\lib\query.js:2484:8)
    at model.Query.exec (C:\Users\AM-LP-64\Documents\SAGAR\PG-Management\PG-backend\node_modules\mongoose\lib\query.js:4290:80)
    at process.processTicksAndRejections (node:internal/process/task_queues:104:5)
    at async Object.recordPayment (C:\Users\AM-LP-64\Documents\SAGAR\PG-Management\PG-backend\src\services\rent.service.js:93:15)

[2026-05-23T09:07:20.053Z] GET /room/pg/[object%20Object]
Status: 400
Error: "pgId" must be a valid Mongo ID
Stack: Error: "pgId" must be a valid Mongo ID
    at C:\Users\AM-LP-64\Documents\SAGAR\PG-Management\PG-backend\src\middlewares\validate.js:22:17
    at Layer.handle [as handle_request] (C:\Users\AM-LP-64\Documents\SAGAR\PG-Management\PG-backend\node_modules\express\lib\router\layer.js:95:5)
    at next (C:\Users\AM-LP-64\Documents\SAGAR\PG-Management\PG-backend\node_modules\express\lib\router\route.js:144:13)
    at C:\Users\AM-LP-64\Documents\SAGAR\PG-Management\PG-backend\src\middlewares\auth.js:18:9
    at process.processTicksAndRejections (node:internal/process/task_queues:104:5)

